========= COMPUTE-SANITIZER
========= Warning: Race reported between Read access at kernel_cutlass_kernel_flashinfergdn_kernelsgdn_decode_bf16_wy_output_onlyGdnDecodeKernel_object_at__tensorptrbf16gmemalign16o4412820485121281_tensorptrbf16gmemalign16o4412820485121281_ten_0+0x4240
=========     and Write access at kernel_cutlass_kernel_flashinfergdn_kernelsgdn_decode_bf16_wy_output_onlyGdnDecodeKernel_object_at__tensorptrbf16gmemalign16o4412820485121281_tensorptrbf16gmemalign16o4412820485121281_ten_0+0x4470 [13888 hazards]
=========     and Write access at kernel_cutlass_kernel_flashinfergdn_kernelsgdn_decode_bf16_wy_output_onlyGdnDecodeKernel_object_at__tensorptrbf16gmemalign16o4412820485121281_tensorptrbf16gmemalign16o4412820485121281_ten_0+0x44a0 [12028 hazards]
========= 
========= Warning: Race reported between Read access at kernel_cutlass_kernel_flashinfergdn_kernelsgdn_decode_bf16_wy_output_onlyGdnDecodeKernel_object_at__tensorptrbf16gmemalign16o4412820485121281_tensorptrbf16gmemalign16o4412820485121281_ten_0+0x4260
=========     and Write access at kernel_cutlass_kernel_flashinfergdn_kernelsgdn_decode_bf16_wy_output_onlyGdnDecodeKernel_object_at__tensorptrbf16gmemalign16o4412820485121281_tensorptrbf16gmemalign16o4412820485121281_ten_0+0x44e0 [13888 hazards]
=========     and Write access at kernel_cutlass_kernel_flashinfergdn_kernelsgdn_decode_bf16_wy_output_onlyGdnDecodeKernel_object_at__tensorptrbf16gmemalign16o4412820485121281_tensorptrbf16gmemalign16o4412820485121281_ten_0+0x4690 [12028 hazards]
========= 
========= Warning: Race reported between Read access at kernel_cutlass_kernel_flashinfergdn_kernelsgdn_decode_bf16_wy_output_onlyGdnDecodeKernel_object_at__tensorptrbf16gmemalign16o4412820485121281_tensorptrbf16gmemalign16o4412820485121281_ten_0+0x42c0
=========     and Write access at kernel_cutlass_kernel_flashinfergdn_kernelsgdn_decode_bf16_wy_output_onlyGdnDecodeKernel_object_at__tensorptrbf16gmemalign16o4412820485121281_tensorptrbf16gmemalign16o4412820485121281_ten_0+0x46d0 [13888 hazards]
=========     and Write access at kernel_cutlass_kernel_flashinfergdn_kernelsgdn_decode_bf16_wy_output_onlyGdnDecodeKernel_object_at__tensorptrbf16gmemalign16o4412820485121281_tensorptrbf16gmemalign16o4412820485121281_ten_0+0x46f0 [12028 hazards]
========= 
========= Warning: Race reported between Read access at kernel_cutlass_kernel_flashinfergdn_kernelsgdn_decode_bf16_wy_output_onlyGdnDecodeKernel_object_at__tensorptrbf16gmemalign16o4412820485121281_tensorptrbf16gmemalign16o4412820485121281_ten_0+0x42d0
=========     and Write access at kernel_cutlass_kernel_flashinfergdn_kernelsgdn_decode_bf16_wy_output_onlyGdnDecodeKernel_object_at__tensorptrbf16gmemalign16o4412820485121281_tensorptrbf16gmemalign16o4412820485121281_ten_0+0x4700 [13888 hazards]
=========     and Write access at kernel_cutlass_kernel_flashinfergdn_kernelsgdn_decode_bf16_wy_output_onlyGdnDecodeKernel_object_at__tensorptrbf16gmemalign16o4412820485121281_tensorptrbf16gmemalign16o4412820485121281_ten_0+0x4710 [12028 hazards]
========= 
========= Warning: Race reported between Read access at kernel_cutlass_kernel_flashinfergdn_kernelsgdn_decode_bf16_wy_output_onlyGdnDecodeKernel_object_at__tensorptrbf16gmemalign16o16412881925121281_tensorptrbf16gmemalign16o16412881925121281_t_0+0x5740
=========     and Write access at kernel_cutlass_kernel_flashinfergdn_kernelsgdn_decode_bf16_wy_output_onlyGdnDecodeKernel_object_at__tensorptrbf16gmemalign16o16412881925121281_tensorptrbf16gmemalign16o16412881925121281_t_0+0x5a70 [15872 hazards]
=========     and Write access at kernel_cutlass_kernel_flashinfergdn_kernelsgdn_decode_bf16_wy_output_onlyGdnDecodeKernel_object_at__tensorptrbf16gmemalign16o16412881925121281_tensorptrbf16gmemalign16o16412881925121281_t_0+0x5ab0 [15872 hazards]
========= 
========= Warning: Race reported between Read access at kernel_cutlass_kernel_flashinfergdn_kernelsgdn_decode_bf16_wy_output_onlyGdnDecodeKernel_object_at__tensorptrbf16gmemalign16o16412881925121281_tensorptrbf16gmemalign16o16412881925121281_t_0+0x5770
=========     and Write access at kernel_cutlass_kernel_flashinfergdn_kernelsgdn_decode_bf16_wy_output_onlyGdnDecodeKernel_object_at__tensorptrbf16gmemalign16o16412881925121281_tensorptrbf16gmemalign16o16412881925121281_t_0+0x5c10 [15872 hazards]
=========     and Write access at kernel_cutlass_kernel_flashinfergdn_kernelsgdn_decode_bf16_wy_output_onlyGdnDecodeKernel_object_at__tensorptrbf16gmemalign16o16412881925121281_tensorptrbf16gmemalign16o16412881925121281_t_0+0x5c40 [15872 hazards]
========= 
========= Warning: Race reported between Read access at kernel_cutlass_kernel_flashinfergdn_kernelsgdn_decode_bf16_wy_output_onlyGdnDecodeKernel_object_at__tensorptrbf16gmemalign16o16412881925121281_tensorptrbf16gmemalign16o16412881925121281_t_0+0x56f0
=========     and Write access at kernel_cutlass_kernel_flashinfergdn_kernelsgdn_decode_bf16_wy_output_onlyGdnDecodeKernel_object_at__tensorptrbf16gmemalign16o16412881925121281_tensorptrbf16gmemalign16o16412881925121281_t_0+0x58f0 [15744 hazards]
=========     and Write access at kernel_cutlass_kernel_flashinfergdn_kernelsgdn_decode_bf16_wy_output_onlyGdnDecodeKernel_object_at__tensorptrbf16gmemalign16o16412881925121281_tensorptrbf16gmemalign16o16412881925121281_t_0+0x5910 [15744 hazards]
========= 
========= Warning: Race reported between Read access at kernel_cutlass_kernel_flashinfergdn_kernelsgdn_decode_bf16_wy_output_onlyGdnDecodeKernel_object_at__tensorptrbf16gmemalign16o16412881925121281_tensorptrbf16gmemalign16o16412881925121281_t_0+0x5760
=========     and Write access at kernel_cutlass_kernel_flashinfergdn_kernelsgdn_decode_bf16_wy_output_onlyGdnDecodeKernel_object_at__tensorptrbf16gmemalign16o16412881925121281_tensorptrbf16gmemalign16o16412881925121281_t_0+0x5b00 [15744 hazards]
=========     and Write access at kernel_cutlass_kernel_flashinfergdn_kernelsgdn_decode_bf16_wy_output_onlyGdnDecodeKernel_object_at__tensorptrbf16gmemalign16o16412881925121281_tensorptrbf16gmemalign16o16412881925121281_t_0+0x5bc0 [15744 hazards]
========= 
========= Warning: Race reported between Read access at kernel_cutlass_kernel_flashinfergdn_kernelsgdn_decode_bf16_wy_output_onlyGdnDecodeKernel_object_at__tensorptrbf16gmemalign16o16412881925121281_tensorptrbf16gmemalign16o16412881925121281_t_0+0x5740
=========     and Write access at kernel_cutlass_kernel_flashinfergdn_kernelsgdn_decode_bf16_wy_output_onlyGdnDecodeKernel_object_at__tensorptrbf16gmemalign16o16412881925121281_tensorptrbf16gmemalign16o16412881925121281_t_0+0x5a70 [7936 hazards]
=========     and Write access at kernel_cutlass_kernel_flashinfergdn_kernelsgdn_decode_bf16_wy_output_onlyGdnDecodeKernel_object_at__tensorptrbf16gmemalign16o16412881925121281_tensorptrbf16gmemalign16o16412881925121281_t_0+0x5ab0 [7936 hazards]
========= 
========= Warning: Race reported between Read access at kernel_cutlass_kernel_flashinfergdn_kernelsgdn_decode_bf16_wy_output_onlyGdnDecodeKernel_object_at__tensorptrbf16gmemalign16o16412881925121281_tensorptrbf16gmemalign16o16412881925121281_t_0+0x5770
=========     and Write access at kernel_cutlass_kernel_flashinfergdn_kernelsgdn_decode_bf16_wy_output_onlyGdnDecodeKernel_object_at__tensorptrbf16gmemalign16o16412881925121281_tensorptrbf16gmemalign16o16412881925121281_t_0+0x5c10 [7936 hazards]
=========     and Write access at kernel_cutlass_kernel_flashinfergdn_kernelsgdn_decode_bf16_wy_output_onlyGdnDecodeKernel_object_at__tensorptrbf16gmemalign16o16412881925121281_tensorptrbf16gmemalign16o16412881925121281_t_0+0x5c40 [7936 hazards]
========= 
========= Warning: Race reported between Read access at kernel_cutlass_kernel_flashinfergdn_kernelsgdn_decode_bf16_wy_output_onlyGdnDecodeKernel_object_at__tensorptrbf16gmemalign16o16412881925121281_tensorptrbf16gmemalign16o16412881925121281_t_0+0x56f0
=========     and Write access at kernel_cutlass_kernel_flashinfergdn_kernelsgdn_decode_bf16_wy_output_onlyGdnDecodeKernel_object_at__tensorptrbf16gmemalign16o16412881925121281_tensorptrbf16gmemalign16o16412881925121281_t_0+0x58f0 [7872 hazards]
=========     and Write access at kernel_cutlass_kernel_flashinfergdn_kernelsgdn_decode_bf16_wy_output_onlyGdnDecodeKernel_object_at__tensorptrbf16gmemalign16o16412881925121281_tensorptrbf16gmemalign16o16412881925121281_t_0+0x5910 [7872 hazards]
========= 
========= Warning: Race reported between Read access at kernel_cutlass_kernel_flashinfergdn_kernelsgdn_decode_bf16_wy_output_onlyGdnDecodeKernel_object_at__tensorptrbf16gmemalign16o16412881925121281_tensorptrbf16gmemalign16o16412881925121281_t_0+0x5760
=========     and Write access at kernel_cutlass_kernel_flashinfergdn_kernelsgdn_decode_bf16_wy_output_onlyGdnDecodeKernel_object_at__tensorptrbf16gmemalign16o16412881925121281_tensorptrbf16gmemalign16o16412881925121281_t_0+0x5b00 [7872 hazards]
=========     and Write access at kernel_cutlass_kernel_flashinfergdn_kernelsgdn_decode_bf16_wy_output_onlyGdnDecodeKernel_object_at__tensorptrbf16gmemalign16o16412881925121281_tensorptrbf16gmemalign16o16412881925121281_t_0+0x5bc0 [7872 hazards]
========= 
========= Warning: Race reported between Read access at kernel_cutlass_kernel_flashinfergdn_kernelsgdn_decode_bf16_wy_state_and_outputGdnFlushKernel_object_at__tensorptrbf16gmemalign16o16412881925121281_tensorptrbf16gmemalign16o164128819251212_0+0x5b40
=========     and Write access at kernel_cutlass_kernel_flashinfergdn_kernelsgdn_decode_bf16_wy_state_and_outputGdnFlushKernel_object_at__tensorptrbf16gmemalign16o16412881925121281_tensorptrbf16gmemalign16o164128819251212_0+0x5e30 [15872 hazards]
=========     and Write access at kernel_cutlass_kernel_flashinfergdn_kernelsgdn_decode_bf16_wy_state_and_outputGdnFlushKernel_object_at__tensorptrbf16gmemalign16o16412881925121281_tensorptrbf16gmemalign16o164128819251212_0+0x5ea0 [15872 hazards]
========= 
========= Warning: Race reported between Read access at kernel_cutlass_kernel_flashinfergdn_kernelsgdn_decode_bf16_wy_state_and_outputGdnFlushKernel_object_at__tensorptrbf16gmemalign16o16412881925121281_tensorptrbf16gmemalign16o164128819251212_0+0x5ba0
=========     and Write access at kernel_cutlass_kernel_flashinfergdn_kernelsgdn_decode_bf16_wy_state_and_outputGdnFlushKernel_object_at__tensorptrbf16gmemalign16o16412881925121281_tensorptrbf16gmemalign16o164128819251212_0+0x5ff0 [15872 hazards]
=========     and Write access at kernel_cutlass_kernel_flashinfergdn_kernelsgdn_decode_bf16_wy_state_and_outputGdnFlushKernel_object_at__tensorptrbf16gmemalign16o16412881925121281_tensorptrbf16gmemalign16o164128819251212_0+0x6010 [15872 hazards]
========= 
========= Warning: Race reported between Read access at kernel_cutlass_kernel_flashinfergdn_kernelsgdn_decode_bf16_wy_state_and_outputGdnFlushKernel_object_at__tensorptrbf16gmemalign16o16412881925121281_tensorptrbf16gmemalign16o164128819251212_0+0x5b00
=========     and Write access at kernel_cutlass_kernel_flashinfergdn_kernelsgdn_decode_bf16_wy_state_and_outputGdnFlushKernel_object_at__tensorptrbf16gmemalign16o16412881925121281_tensorptrbf16gmemalign16o164128819251212_0+0x5cc0 [15744 hazards]
=========     and Write access at kernel_cutlass_kernel_flashinfergdn_kernelsgdn_decode_bf16_wy_state_and_outputGdnFlushKernel_object_at__tensorptrbf16gmemalign16o16412881925121281_tensorptrbf16gmemalign16o164128819251212_0+0x5dd0 [15744 hazards]
========= 
========= Warning: Race reported between Read access at kernel_cutlass_kernel_flashinfergdn_kernelsgdn_decode_bf16_wy_state_and_outputGdnFlushKernel_object_at__tensorptrbf16gmemalign16o16412881925121281_tensorptrbf16gmemalign16o164128819251212_0+0x5b80
=========     and Write access at kernel_cutlass_kernel_flashinfergdn_kernelsgdn_decode_bf16_wy_state_and_outputGdnFlushKernel_object_at__tensorptrbf16gmemalign16o16412881925121281_tensorptrbf16gmemalign16o164128819251212_0+0x5f40 [15744 hazards]
=========     and Write access at kernel_cutlass_kernel_flashinfergdn_kernelsgdn_decode_bf16_wy_state_and_outputGdnFlushKernel_object_at__tensorptrbf16gmemalign16o16412881925121281_tensorptrbf16gmemalign16o164128819251212_0+0x5fc0 [15744 hazards]
========= 
SAN_TARGET_DONE
========= RACECHECK SUMMARY: 16 hazards displayed (0 errors, 16 warnings)
